buildscript {
    repositories {
        mavenCentral()
    }
}

plugins {
    id("com.appland.appmap") version "1.1.0"
}

repositories {
    mavenCentral()
}


application {
    mainClass = 'demo.App'
}
