/*
 * This file was generated by the Gradle 'init' task.
 *
 * This is a general purpose Gradle build.
 * Learn more about Gradle by exploring our samples at https://docs.gradle.org/7.2/samples
 */


plugins {
  id("com.appland.appmap") version "1.1.0"
}

repositories {
  mavenCentral()
}
