// This is a comment before the plugins block.
plugins {
  id 'java'
  id 'com.appland.appmap' version '1.1.0'
}
repositories {
  mavenCentral()
}


// This is a comment after the plugins block

subprojects {
}

allprojects {
  repositories {
    google()
  }
}
