# New text
# Just a plain old 7-bit ASCII file.
